// Jest Snapshot v1, https://goo.gl/fbAQLP

exports[`Layout should render correctly 1`] = `
<DocumentFragment>
  <div
    class="MuiBox-root css-0"
  >
    <div
      class="MuiContainer-root MuiContainer-maxWidthLg css-1g3nlq1-MuiContainer-root"
    >
      <h1>
        Hello World
      </h1>
    </div>
  </div>
</DocumentFragment>
`;
